# ** Note: NI[0]: SPM# read @00: 0000FD000000FF00
# ** Note: NI[0]: SPM# read @01: 0000FD010000FF01
# ** Note: NI[0]: SPM# read @02: 0000FD020000FF02
# ** Note: NI[0]: SPM# read @03: 0000FD030000FF03
# ** Note: NI[0]: SPM# read @04: 0001FD040001FF04
# ** Note: NI[0]: SPM# read @05: 0001FD050001FF05
# ** Note: NI[0]: SPM# read @06: 0001FD060001FF06
# ** Note: NI[0]: SPM# read @07: 0001FD070001FF07
# ** Note: NI[0]: SPM# read @08: 0002FD080002FF08
# ** Note: NI[0]: SPM# read @09: 0002FD090002FF09
# ** Note: NI[0]: SPM# read @0A: 0002FD0A0002FF0A
# ** Note: NI[0]: SPM# read @0B: 0002FD0B0002FF0B
# ** Note: NI[0]: SPM# read @0C: 0003FD0C0003FF0C
# ** Note: NI[0]: SPM# read @0D: 0003FD0D0003FF0D
# ** Note: NI[0]: SPM# read @0E: 0003FD0E0003FF0E
# ** Note: NI[0]: SPM# read @0F: 0003FD0F0003FF0F
# ** Note: NI[1]: SPM# read @00: 0000FD000000FF00
# ** Note: NI[1]: SPM# read @01: 0000FD010000FF01
# ** Note: NI[1]: SPM# read @02: 0000FD020000FF02
# ** Note: NI[1]: SPM# read @03: 0000FD030000FF03
# ** Note: NI[1]: SPM# read @04: 0001FD040001FF04
# ** Note: NI[1]: SPM# read @05: 0001FD050001FF05
# ** Note: NI[1]: SPM# read @06: 0001FD060001FF06
# ** Note: NI[1]: SPM# read @07: 0001FD070001FF07
# ** Note: NI[1]: SPM# read @08: 0002FD080002FF08
# ** Note: NI[1]: SPM# read @09: 0002FD090002FF09
# ** Note: NI[1]: SPM# read @0A: 0002FD0A0002FF0A
# ** Note: NI[1]: SPM# read @0B: 0002FD0B0002FF0B
# ** Note: NI[1]: SPM# read @0C: 0003FD0C0003FF0C
# ** Note: NI[1]: SPM# read @0D: 0003FD0D0003FF0D
# ** Note: NI[1]: SPM# read @0E: 0003FD0E0003FF0E
# ** Note: NI[1]: SPM# read @0F: 0003FD0F0003FF0F
# ** Note: NI[2]: SPM# read @00: 0000FD000000FF00
# ** Note: NI[2]: SPM# read @01: 0000FD010000FF01
# ** Note: NI[2]: SPM# read @02: 0000FD020000FF02
# ** Note: NI[2]: SPM# read @03: 0000FD030000FF03
# ** Note: NI[2]: SPM# read @04: 0001FD040001FF04
# ** Note: NI[2]: SPM# read @05: 0001FD050001FF05
# ** Note: NI[2]: SPM# read @06: 0001FD060001FF06
# ** Note: NI[2]: SPM# read @07: 0001FD070001FF07
# ** Note: NI[2]: SPM# read @08: 0002FD080002FF08
# ** Note: NI[2]: SPM# read @09: 0002FD090002FF09
# ** Note: NI[2]: SPM# read @0A: 0002FD0A0002FF0A
# ** Note: NI[2]: SPM# read @0B: 0002FD0B0002FF0B
# ** Note: NI[2]: SPM# read @0C: 0003FD0C0003FF0C
# ** Note: NI[2]: SPM# read @0D: 0003FD0D0003FF0D
# ** Note: NI[2]: SPM# read @0E: 0003FD0E0003FF0E
# ** Note: NI[2]: SPM# read @0F: 0003FD0F0003FF0F
# ** Note: NI[3]: SPM# read @00: 0000FD000000FF00
# ** Note: NI[3]: SPM# read @01: 0000FD010000FF01
# ** Note: NI[3]: SPM# read @02: 0000FD020000FF02
# ** Note: NI[3]: SPM# read @03: 0000FD030000FF03
# ** Note: NI[3]: SPM# read @04: 0001FD040001FF04
# ** Note: NI[3]: SPM# read @05: 0001FD050001FF05
# ** Note: NI[3]: SPM# read @06: 0001FD060001FF06
# ** Note: NI[3]: SPM# read @07: 0001FD070001FF07
# ** Note: NI[3]: SPM# read @08: 0002FD080002FF08
# ** Note: NI[3]: SPM# read @09: 0002FD090002FF09
# ** Note: NI[3]: SPM# read @0A: 0002FD0A0002FF0A
# ** Note: NI[3]: SPM# read @0B: 0002FD0B0002FF0B
# ** Note: NI[3]: SPM# read @0C: 0003FD0C0003FF0C
# ** Note: NI[3]: SPM# read @0D: 0003FD0D0003FF0D
# ** Note: NI[3]: SPM# read @0E: 0003FD0E0003FF0E
# ** Note: NI[3]: SPM# read @0F: 0003FD0F0003FF0F
